Performing C++ SOURCE FILE Test COMPILER_KNOWS_STDLIB failed with the following output:
Change Dir: /home/lukadsant/Downloads/pokedashpota1.0_release/poketibia/client_src/build/CMakeFiles/CMakeTmp

Run Build Command:"/usr/bin/make" "cmTC_dcee0/fast"
/usr/bin/make -f CMakeFiles/cmTC_dcee0.dir/build.make CMakeFiles/cmTC_dcee0.dir/build
make[1]: Entering directory '/home/lukadsant/Downloads/pokedashpota1.0_release/poketibia/client_src/build/CMakeFiles/CMakeTmp'
Building CXX object CMakeFiles/cmTC_dcee0.dir/src.cxx.o
/usr/bin/c++    -std=c++11 -DCOMPILER_KNOWS_STDLIB   -stdlib=libc++ -o CMakeFiles/cmTC_dcee0.dir/src.cxx.o -c /home/lukadsant/Downloads/pokedashpota1.0_release/poketibia/client_src/build/CMakeFiles/CMakeTmp/src.cxx
c++: error: unrecognized command line option '-stdlib=libc++'
CMakeFiles/cmTC_dcee0.dir/build.make:65: recipe for target 'CMakeFiles/cmTC_dcee0.dir/src.cxx.o' failed
make[1]: *** [CMakeFiles/cmTC_dcee0.dir/src.cxx.o] Error 1
make[1]: Leaving directory '/home/lukadsant/Downloads/pokedashpota1.0_release/poketibia/client_src/build/CMakeFiles/CMakeTmp'
Makefile:126: recipe for target 'cmTC_dcee0/fast' failed
make: *** [cmTC_dcee0/fast] Error 2

Source file was:
int main() { return 0; }
Determining if the pthread_create exist failed with the following output:
Change Dir: /home/lukadsant/Downloads/pokedashpota1.0_release/poketibia/client_src/build/CMakeFiles/CMakeTmp

Run Build Command:"/usr/bin/make" "cmTC_5d164/fast"
/usr/bin/make -f CMakeFiles/cmTC_5d164.dir/build.make CMakeFiles/cmTC_5d164.dir/build
make[1]: Entering directory '/home/lukadsant/Downloads/pokedashpota1.0_release/poketibia/client_src/build/CMakeFiles/CMakeTmp'
Building C object CMakeFiles/cmTC_5d164.dir/CheckSymbolExists.c.o
/usr/bin/cc    -o CMakeFiles/cmTC_5d164.dir/CheckSymbolExists.c.o   -c /home/lukadsant/Downloads/pokedashpota1.0_release/poketibia/client_src/build/CMakeFiles/CMakeTmp/CheckSymbolExists.c
Linking C executable cmTC_5d164
/usr/bin/cmake -E cmake_link_script CMakeFiles/cmTC_5d164.dir/link.txt --verbose=1
/usr/bin/cc      -rdynamic CMakeFiles/cmTC_5d164.dir/CheckSymbolExists.c.o  -o cmTC_5d164 
CMakeFiles/cmTC_5d164.dir/CheckSymbolExists.c.o: In function `main':
CheckSymbolExists.c:(.text+0x1b): undefined reference to `pthread_create'
collect2: error: ld returned 1 exit status
CMakeFiles/cmTC_5d164.dir/build.make:97: recipe for target 'cmTC_5d164' failed
make[1]: *** [cmTC_5d164] Error 1
make[1]: Leaving directory '/home/lukadsant/Downloads/pokedashpota1.0_release/poketibia/client_src/build/CMakeFiles/CMakeTmp'
Makefile:126: recipe for target 'cmTC_5d164/fast' failed
make: *** [cmTC_5d164/fast] Error 2

File /home/lukadsant/Downloads/pokedashpota1.0_release/poketibia/client_src/build/CMakeFiles/CMakeTmp/CheckSymbolExists.c:
/* */
#include <pthread.h>

int main(int argc, char** argv)
{
  (void)argv;
#ifndef pthread_create
  return ((int*)(&pthread_create))[argc];
#else
  (void)argc;
  return 0;
#endif
}

Determining if the function pthread_create exists in the pthreads failed with the following output:
Change Dir: /home/lukadsant/Downloads/pokedashpota1.0_release/poketibia/client_src/build/CMakeFiles/CMakeTmp

Run Build Command:"/usr/bin/make" "cmTC_63e80/fast"
/usr/bin/make -f CMakeFiles/cmTC_63e80.dir/build.make CMakeFiles/cmTC_63e80.dir/build
make[1]: Entering directory '/home/lukadsant/Downloads/pokedashpota1.0_release/poketibia/client_src/build/CMakeFiles/CMakeTmp'
Building C object CMakeFiles/cmTC_63e80.dir/CheckFunctionExists.c.o
/usr/bin/cc   -DCHECK_FUNCTION_EXISTS=pthread_create   -o CMakeFiles/cmTC_63e80.dir/CheckFunctionExists.c.o   -c /usr/share/cmake-3.10/Modules/CheckFunctionExists.c
Linking C executable cmTC_63e80
/usr/bin/cmake -E cmake_link_script CMakeFiles/cmTC_63e80.dir/link.txt --verbose=1
/usr/bin/cc  -DCHECK_FUNCTION_EXISTS=pthread_create    -rdynamic CMakeFiles/cmTC_63e80.dir/CheckFunctionExists.c.o  -o cmTC_63e80 -lpthreads 
/usr/bin/ld: cannot find -lpthreads
collect2: error: ld returned 1 exit status
CMakeFiles/cmTC_63e80.dir/build.make:97: recipe for target 'cmTC_63e80' failed
make[1]: *** [cmTC_63e80] Error 1
make[1]: Leaving directory '/home/lukadsant/Downloads/pokedashpota1.0_release/poketibia/client_src/build/CMakeFiles/CMakeTmp'
Makefile:126: recipe for target 'cmTC_63e80/fast' failed
make: *** [cmTC_63e80/fast] Error 2


